{
 "member": [
  {
   "name": "Bob",
   "gender": "male",
   "skills": [
    "C++",
    "Java"
   ]
  },
  {
   "name": "Sue",
   "gender": "female",
   "skills": [
    "javascript",
    {
     "altJS": [
      "CoffeeScript",
      "TypeScript"
     ]
    }
   ]
  }
 ],
 "plan": {
  "title": "Grunt Hackason",
  "date": "2013-12-22T17:00:40.733Z"
 },
 "attendance": true
}