{"member":[{"name":"Bob","gender":"male","age":24,"skills":["cpp","java"]},{"name":"Sue","gender":"female","age":28,"skills":["ruby","perl"]}],"plan":{"title":"Grunt Hackason","date":"2013-12-22T17:00:40.733Z"}}